[2026-01-13 11:17:06,126][ogn_registration][INFO] - Looking for Python nodes to register in omni.physx.fabric-107.3.26
[2026-01-13 11:17:06,126][ogn_registration][INFO] -  -> Registered nodes from module omni.physxfabric at /home/wang/isaacsim/extscache/omni.physx.fabric-107.3.26+107.3.3.lx64.r.cp311.u353
[2026-01-13 11:17:06,126][ogn_registration][INFO] - Registering nodes in /home/wang/isaacsim/extscache/omni.physx.fabric-107.3.26+107.3.3.lx64.r.cp311.u353 imported as omni.physxfabric with AutoNode config {}
[2026-01-13 11:17:06,126][ogn_registration][INFO] - Registering Python Node Types from omni.physxfabric at /home/wang/isaacsim/extscache/omni.physx.fabric-107.3.26+107.3.3.lx64.r.cp311.u353 in omni.physx.fabric
[2026-01-13 11:17:06,126][ogn_registration][INFO] - ========================================================================================================================
[2026-01-13 11:17:06,126][ogn_registration][INFO] - No dependency on omni.graph, therefore no nodes to register in omni.physx.fabric
[2026-01-13 11:17:06,126][ogn_registration][INFO] - ...None found, no registration to do
[2026-01-13 11:17:06,127][ogn_registration][INFO] - ...Skipping: No OmniGraph presence in the module omni.physxfabric - No nodes in this module, do not remember it
[2026-01-13 11:17:06,127][ogn_registration][INFO] - Destroying registration record for omni.physx.fabric
[2026-01-13 11:17:06,127][ogn_registration][INFO] - OGN register omni.physx.fabric-107.3.26 took 823092.000000
[2026-01-13 11:17:11,969][onnxscript.version_converter][WARNING] - The model version conversion is not supported by the onnxscript version converter and fallback is enabled. The model will be converted using the onnx C API (target version: 11).
[2026-01-13 11:17:11,973][onnxscript.version_converter][WARNING] - Failed to convert the model to the target version 11 using the ONNX C API. The model was not modified
Traceback (most recent call last):
  File "/home/wang/anaconda3/envs/isaaclab2.2.0/lib/python3.11/site-packages/onnxscript/version_converter/__init__.py", line 127, in call
    converted_proto = _c_api_utils.call_onnx_api(
                      ^^^^^^^^^^^^^^^^^^^^^^^^^^^
  File "/home/wang/anaconda3/envs/isaaclab2.2.0/lib/python3.11/site-packages/onnxscript/version_converter/_c_api_utils.py", line 65, in call_onnx_api
    result = func(proto)
             ^^^^^^^^^^^
  File "/home/wang/anaconda3/envs/isaaclab2.2.0/lib/python3.11/site-packages/onnxscript/version_converter/__init__.py", line 122, in _partial_convert_version
    return onnx.version_converter.convert_version(
           ^^^^^^^^^^^^^^^^^^^^^^^^^^^^^^^^^^^^^^^
  File "/home/wang/anaconda3/envs/isaaclab2.2.0/lib/python3.11/site-packages/onnx/version_converter.py", line 39, in convert_version
    converted_model_str = C.convert_version(model_str, target_version)
                          ^^^^^^^^^^^^^^^^^^^^^^^^^^^^^^^^^^^^^^^^^^^^
RuntimeError: /github/workspace/onnx/version_converter/adapters/no_previous_version.h:26: adapt: Assertion `false` failed: No Previous Version of CastLike exists
[2026-01-13 11:17:11,975][onnx_ir.passes.common.unused_removal][INFO] - No unused functions to remove
[2026-01-13 11:17:11,976][onnxscript.optimizer._constant_folding][INFO] - Skipping constant folding for node 'node_linear' because it is graph input to preserve graph signature
[2026-01-13 11:17:11,990][onnx_ir.passes.common.unused_removal][INFO] - Removed 7 unused nodes
[2026-01-13 11:17:11,990][onnx_ir.passes.common.unused_removal][INFO] - No unused functions to remove
[2026-01-13 11:17:11,990][onnxscript.optimizer._constant_folding][INFO] - Skipping constant folding for node 'node_linear' because it is graph input to preserve graph signature
[2026-01-13 11:17:11,998][onnx_ir.passes.common.unused_removal][INFO] - Removed 6 unused nodes
[2026-01-13 11:17:11,998][onnx_ir.passes.common.unused_removal][INFO] - No unused functions to remove
